/home/mmv4000/MscProject/vla_sorting_env/lib/python3.12/site-packages/huggingface_hub/utils/_validators.py:189: UserWarning: The `resume_download` argument is deprecated and ignored in `hf_hub_download`. Downloads always resume whenever possible.
  warnings.warn(
Warning: You are sending unauthenticated requests to the HF Hub. Please set a HF_TOKEN to enable higher rate limits and faster downloads.
/home/mmv4000/MscProject/vla_sorting_env/lib/python3.12/site-packages/huggingface_hub/utils/_validators.py:189: UserWarning: The `resume_download` argument is deprecated and ignored in `hf_hub_download`. Downloads always resume whenever possible.
  warnings.warn(
The `load_in_4bit` and `load_in_8bit` arguments are deprecated and will be removed in the future versions. Please, pass a `BitsAndBytesConfig` object in `quantization_config` argument instead.
The model weights are not tied. Please use the `tie_weights` method before using the `infer_auto_device` function.
[INIT] processor + dataset...
[DATA] Loaded 6620 samples for split='val'
[INIT] model lora_best (4-bit)...
Loading checkpoint shards:   0%|          | 0/3 [00:00<?, ?it/s]Loading checkpoint shards:  33%|███▎      | 1/3 [00:01<00:03,  1.56s/it]Loading checkpoint shards:  67%|██████▋   | 2/3 [00:02<00:01,  1.47s/it]Loading checkpoint shards: 100%|██████████| 3/3 [00:03<00:00,  1.03it/s]Loading checkpoint shards: 100%|██████████| 3/3 [00:03<00:00,  1.11s/it]
/home/mmv4000/MscProject/vla_sorting_env/lib/python3.12/site-packages/bitsandbytes/backends/cuda/ops.py:468: FutureWarning: _check_is_size will be removed in a future PyTorch release along with guard_size_oblivious.     Use _check(i >= 0) instead.
  torch._check_is_size(blocksize)

[SELF-CHECK] template : '<s> In: What action should the robot take to pick up the transparent plastic bottle.\nOut: '
[SELF-CHECK] example  : '<s> In: What action should the robot take to grasp the clear bottle.\nOut: '

[EVAL] 200 samples x 7 conditions...
  20/200
  40/200
  60/200
  80/200
  100/200
  120/200
  140/200
  160/200
  180/200
  200/200

============================================================================================
INSTRUCTION SENSITIVITY v2 — lora_best — val — attempted n=200
============================================================================================
condition      instruction                           PARSE-FAIL    ON-TARGET(all)   |parsed
--------------------------------------------------------------------------------------------
baseline       Pick up the transparent plastic    36/200   18%   12/200  6.0% [3,10]   7.3%
paraphrase_1   Grasp the clear plastic bottle.    56/200   28%    7/200  3.5% [2,7]   4.9%
paraphrase_2   Pick up the see-through bottle.   100/200   50%    6/200  3.0% [1,6]   6.0%
paraphrase_3   Select the transparent container   52/200   26%   12/200  6.0% [3,10]   8.1%
absent_can     Pick up the metal can.            104/200   52%    9/200  4.5% [2,8]   9.4%
absent_cube    Pick up the red cube.             146/200   73%    2/200  1.0% [0,4]   3.7%
null_generic   Pick up the object.               151/200   76%    2/200  1.0% [0,4]   4.1%

--------------------------------------------------------------------------------------------
PAIRED McNEMAR vs baseline — ON-TARGET, parse-fail=miss (paired n=200)
--------------------------------------------------------------------------------------------
  paraphrase_1    b=9   c=4   p=0.267    (WORSE than baseline)
  paraphrase_2    b=9   c=3   p=0.146    (WORSE than baseline)
  paraphrase_3    b=9   c=9   p=1.000    (equal than baseline)
  absent_can      b=12  c=9   p=0.664    (WORSE than baseline)
  absent_cube     b=11  c=1   p=0.006 *  (WORSE than baseline)
  null_generic    b=11  c=1   p=0.006 *  (WORSE than baseline)

--------------------------------------------------------------------------------------------
PAIRED McNEMAR vs baseline — PARSE-FAILURE (paired n=200)
--------------------------------------------------------------------------------------------
  paraphrase_1    b=16  c=36  p=0.008 *  (MORE failures than baseline)
  paraphrase_2    b=15  c=79  p=0.000 *  (MORE failures than baseline)
  paraphrase_3    b=22  c=38  p=0.052    (MORE failures than baseline)
  absent_can      b=15  c=83  p=0.000 *  (MORE failures than baseline)
  absent_cube     b=4   c=114 p=0.000 *  (MORE failures than baseline)
  null_generic    b=4   c=119 p=0.000 *  (MORE failures than baseline)
============================================================================================
HOW TO READ:
  PARSE-FAIL rising with distance from training phrase = single-template
    LoRA broke action GENERATION (catastrophic forgetting) — likely your headline.
  ON-TARGET(all) is the honest operational rate. |parsed is conditional (biased); report both, lead with (all).
  '*' = p<0.05.
[SAVED] instruction_sensitivity_v2.json
[SAVED] instruction_sensitivity_v2_failures.txt  <- read this to see WHAT the model emits on failure
