This is pdfTeX, Version 3.141592653-2.6-1.40.29 (MiKTeX 26.2) (preloaded format=pdflatex 2026.4.6)  23 JUL 2026 11:55
entering extended mode
 restricted \write18 enabled.
 file:line:error style messages enabled.
 %&-line parsing enabled.
**c:/Users/m_vit/Documents/MscProject/dissertation/main.tex
(c:/Users/m_vit/Documents/MscProject/dissertation/main.tex
LaTeX2e <2025-11-01>
L3 programming layer <2026-01-19>
(C:\Users\m_vit\AppData\Local\Programs\MiKTeX\tex/latex/base\report.cls
Document Class: report 2025/01/22 v1.4n Standard LaTeX document class
(C:\Users\m_vit\AppData\Local\Programs\MiKTeX\tex/latex/base\size11.clo
File: size11.clo 2025/01/22 v1.4n Standard LaTeX file (size option)
)
\c@part=\count275
\c@chapter=\count276
\c@section=\count277
\c@subsection=\count278
\c@subsubsection=\count279
\c@paragraph=\count280
\c@subparagraph=\count281
\c@figure=\count282
\c@table=\count283
\abovecaptionskip=\skip49
\belowcaptionskip=\skip50
\bibindent=\dimen148
) (C:\Users\m_vit\AppData\Local\Programs\MiKTeX\tex/latex/base\inputenc.sty
Package: inputenc 2024/02/08 v1.3d Input encoding file
\inpenc@prehook=\toks17
\inpenc@posthook=\toks18
) (C:\Users\m_vit\AppData\Local\Programs\MiKTeX\tex/latex/base\fontenc.sty
Package: fontenc 2025/07/18 v2.1d Standard LaTeX package
) (C:\Users\m_vit\AppData\Local\Programs\MiKTeX\tex/latex/geometry\geometry.sty
Package: geometry 2026/03/07 v6.0 Page Geometry
 (C:\Users\m_vit\AppData\Local\Programs\MiKTeX\tex/latex/graphics\keyval.sty
Package: keyval 2022/05/29 v1.15 key=value parser (DPC)
\KV@toks@=\toks19
) (C:\Users\m_vit\AppData\Local\Programs\MiKTeX\tex/generic/iftex\ifvtex.sty
Package: ifvtex 2019/10/25 v1.7 ifvtex legacy package. Use iftex instead.
 (C:\Users\m_vit\AppData\Local\Programs\MiKTeX\tex/generic/iftex\iftex.sty
Package: iftex 2024/12/12 v1.0g TeX engine tests
))
\Gm@cnth=\count284
\Gm@cntv=\count285
\c@Gm@tempcnt=\count286
\Gm@bindingoffset=\dimen149
\Gm@wd@mp=\dimen150
\Gm@odd@mp=\dimen151
\Gm@even@mp=\dimen152
\Gm@layoutwidth=\dimen153
\Gm@layoutheight=\dimen154
\Gm@layouthoffset=\dimen155
\Gm@layoutvoffset=\dimen156
\Gm@dimlist=\toks20
 (C:\Users\m_vit\AppData\Local\Programs\MiKTeX\tex/latex/geometry\geometry.cfg)) (C:\Users\m_vit\AppData\Local\Programs\MiKTeX\tex/latex/setspace\setspace.sty
Package: setspace 2022/12/04 v6.7b set line spacing
) (C:\Users\m_vit\AppData\Local\Programs\MiKTeX\tex/latex/amsmath\amsmath.sty
Package: amsmath 2025/07/09 v2.17z AMS math features
\@mathmargin=\skip51

For additional information on amsmath, use the `?' option.
(C:\Users\m_vit\AppData\Local\Programs\MiKTeX\tex/latex/amsmath\amstext.sty
Package: amstext 2024/11/17 v2.01 AMS text
 (C:\Users\m_vit\AppData\Local\Programs\MiKTeX\tex/latex/amsmath\amsgen.sty
File: amsgen.sty 1999/11/30 v2.0 generic functions
\@emptytoks=\toks21
\ex@=\dimen157
)) (C:\Users\m_vit\AppData\Local\Programs\MiKTeX\tex/latex/amsmath\amsbsy.sty
Package: amsbsy 1999/11/29 v1.2d Bold Symbols
\pmbraise@=\dimen158
) (C:\Users\m_vit\AppData\Local\Programs\MiKTeX\tex/latex/amsmath\amsopn.sty
Package: amsopn 2022/04/08 v2.04 operator names
)
\inf@bad=\count287
LaTeX Info: Redefining \frac on input line 233.
\uproot@=\count288
\leftroot@=\count289
LaTeX Info: Redefining \overline on input line 398.
LaTeX Info: Redefining \colon on input line 409.
\classnum@=\count290
\DOTSCASE@=\count291
LaTeX Info: Redefining \ldots on input line 495.
LaTeX Info: Redefining \dots on input line 498.
LaTeX Info: Redefining \cdots on input line 619.
\Mathstrutbox@=\box53
\strutbox@=\box54
LaTeX Info: Redefining \big on input line 721.
LaTeX Info: Redefining \Big on input line 722.
LaTeX Info: Redefining \bigg on input line 723.
LaTeX Info: Redefining \Bigg on input line 724.
\big@size=\dimen159
LaTeX Font Info:    Redeclaring font encoding OML on input line 742.
LaTeX Font Info:    Redeclaring font encoding OMS on input line 743.
\macc@depth=\count292
LaTeX Info: Redefining \bmod on input line 904.
LaTeX Info: Redefining \pmod on input line 909.
LaTeX Info: Redefining \smash on input line 939.
LaTeX Info: Redefining \relbar on input line 969.
LaTeX Info: Redefining \Relbar on input line 970.
\c@MaxMatrixCols=\count293
\dotsspace@=\muskip17
\c@parentequation=\count294
\dspbrk@lvl=\count295
\tag@help=\toks22
\row@=\count296
\column@=\count297
\maxfields@=\count298
\andhelp@=\toks23
\eqnshift@=\dimen160
\alignsep@=\dimen161
\tagshift@=\dimen162
\tagwidth@=\dimen163
\totwidth@=\dimen164
\lineht@=\dimen165
\@envbody=\toks24
\multlinegap=\skip52
\multlinetaggap=\skip53
\mathdisplay@stack=\toks25
LaTeX Info: Redefining \[ on input line 2950.
LaTeX Info: Redefining \] on input line 2951.
) (C:\Users\m_vit\AppData\Local\Programs\MiKTeX\tex/latex/amsfonts\amssymb.sty
Package: amssymb 2013/01/14 v3.01 AMS font symbols
 (C:\Users\m_vit\AppData\Local\Programs\MiKTeX\tex/latex/amsfonts\amsfonts.sty
Package: amsfonts 2013/01/14 v3.01 Basic AMSFonts support
\symAMSa=\mathgroup4
\symAMSb=\mathgroup5
LaTeX Font Info:    Redeclaring math symbol \hbar on input line 98.
LaTeX Font Info:    Overwriting math alphabet `\mathfrak' in version `bold'
(Font)                  U/euf/m/n --> U/euf/b/n on input line 106.
)) (C:\Users\m_vit\AppData\Local\Programs\MiKTeX\tex/latex/tools\bm.sty
Package: bm 2025/10/21 v1.2g Bold Symbol Support (DPC/FMi)
\symboldoperators=\mathgroup6
\symboldletters=\mathgroup7
\symboldsymbols=\mathgroup8
Package bm Info: No bold for \OMX/cmex/m/n, using \pmb.
Package bm Info: No bold for \U/msa/m/n, using \pmb.
Package bm Info: No bold for \U/msb/m/n, using \pmb.
LaTeX Font Info:    Redeclaring math alphabet \mathbf on input line 149.
) (C:\Users\m_vit\AppData\Local\Programs\MiKTeX\tex/latex/tools\array.sty
Package: array 2025/09/25 v2.6n Tabular extension package (FMi)
\col@sep=\dimen166
\ar@mcellbox=\box55
\extrarowheight=\dimen167
\NC@list=\toks26
\extratabsurround=\skip54
\backup@length=\skip55
\ar@cellbox=\box56
) (C:\Users\m_vit\AppData\Local\Programs\MiKTeX\tex/latex/booktabs\booktabs.sty
Package: booktabs 2020/01/12 v1.61803398 Publication quality tables
\heavyrulewidth=\dimen168
\lightrulewidth=\dimen169
\cmidrulewidth=\dimen170
\belowrulesep=\dimen171
\belowbottomsep=\dimen172
\aboverulesep=\dimen173
\abovetopsep=\dimen174
\cmidrulesep=\dimen175
\cmidrulekern=\dimen176
\defaultaddspace=\dimen177
\@cmidla=\count299
\@cmidlb=\count300
\@aboverulesep=\dimen178
\@belowrulesep=\dimen179
\@thisruleclass=\count301
\@lastruleclass=\count302
\@thisrulewidth=\dimen180
) (C:\Users\m_vit\AppData\Local\Programs\MiKTeX\tex/latex/graphics\graphicx.sty
Package: graphicx 2024/12/31 v1.2e Enhanced LaTeX Graphics (DPC,SPQR)
 (C:\Users\m_vit\AppData\Local\Programs\MiKTeX\tex/latex/graphics\graphics.sty
Package: graphics 2024/08/06 v1.4g Standard LaTeX Graphics (DPC,SPQR)
 (C:\Users\m_vit\AppData\Local\Programs\MiKTeX\tex/latex/graphics\trig.sty
Package: trig 2023/12/02 v1.11 sin cos tan (DPC)
) (C:\Users\m_vit\AppData\Local\Programs\MiKTeX\tex/latex/graphics-cfg\graphics.cfg
File: graphics.cfg 2016/06/04 v1.11 sample graphics configuration
)
Package graphics Info: Driver file: pdftex.def on input line 106.
 (C:\Users\m_vit\AppData\Local\Programs\MiKTeX\tex/latex/graphics-def\pdftex.def
File: pdftex.def 2025/09/29 v1.2d Graphics/color driver for pdftex
))
\Gin@req@height=\dimen181
\Gin@req@width=\dimen182
) (C:\Users\m_vit\AppData\Local\Programs\MiKTeX\tex/latex/caption\subcaption.sty
Package: subcaption 2023/07/28 v1.6b Sub-captions (AR)
 (C:\Users\m_vit\AppData\Local\Programs\MiKTeX\tex/latex/caption\caption.sty
Package: caption 2023/08/05 v3.6o Customizing captions (AR)
 (C:\Users\m_vit\AppData\Local\Programs\MiKTeX\tex/latex/caption\caption3.sty
Package: caption3 2023/07/31 v2.4d caption3 kernel (AR)
\caption@tempdima=\dimen183
\captionmargin=\dimen184
\caption@leftmargin=\dimen185
\caption@rightmargin=\dimen186
\caption@width=\dimen187
\caption@indent=\dimen188
\caption@parindent=\dimen189
\caption@hangindent=\dimen190
Package caption Info: Standard document class detected.
)
\c@caption@flags=\count303
\c@continuedfloat=\count304
)
Package caption Info: New subtype `subfigure' on input line 238.
\c@subfigure=\count305
Package caption Info: New subtype `subtable' on input line 238.
\c@subtable=\count306
) (C:\Users\m_vit\AppData\Local\Programs\MiKTeX\tex/latex/listings\listings.sty
\lst@mode=\count307
\lst@gtempboxa=\box57
\lst@token=\toks27
\lst@length=\count308
\lst@currlwidth=\dimen191
\lst@column=\count309
\lst@pos=\count310
\lst@lostspace=\dimen192
\lst@width=\dimen193
\lst@newlines=\count311
\lst@lineno=\count312
\lst@maxwidth=\dimen194
 (C:\Users\m_vit\AppData\Local\Programs\MiKTeX\tex/latex/listings\lstpatch.sty
File: lstpatch.sty 2025/11/14 1.11b (Carsten Heinz)
) (C:\Users\m_vit\AppData\Local\Programs\MiKTeX\tex/latex/listings\lstmisc.sty
File: lstmisc.sty 2025/11/14 1.11b (Carsten Heinz)
\c@lstnumber=\count313
\lst@skipnumbers=\count314
\lst@framebox=\box58
) (C:\Users\m_vit\AppData\Local\Programs\MiKTeX\tex/latex/listings\listings.cfg
File: listings.cfg 2025/11/14 1.11b listings configuration
))
Package: listings 2025/11/14 1.11b (Carsten Heinz)

==> First Aid for listings.sty no longer applied!
    Expected:
        2024/09/23 1.10c (Carsten Heinz)
    but found:
        2025/11/14 1.11b (Carsten Heinz)
    so I'm assuming it got fixed.
(C:\Users\m_vit\AppData\Local\Programs\MiKTeX\tex/latex/abstract\abstract.sty
Package: abstract 2009/06/08 v1.2a configurable abstracts
\abstitleskip=\skip56
\absleftindent=\skip57
\absrightindent=\skip58
\absparindent=\skip59
\absparsep=\skip60
) (C:\Users\m_vit\AppData\Local\Programs\MiKTeX\tex/latex/xcolor\xcolor.sty
Package: xcolor 2024/09/29 v3.02 LaTeX color extensions (UK)
 (C:\Users\m_vit\AppData\Local\Programs\MiKTeX\tex/latex/graphics-cfg\color.cfg
File: color.cfg 2016/01/02 v1.6 sample color configuration
)
Package xcolor Info: Driver file: pdftex.def on input line 274.
 (C:\Users\m_vit\AppData\Local\Programs\MiKTeX\tex/latex/graphics\mathcolor.ltx)
Package xcolor Info: Model `cmy' substituted by `cmy0' on input line 1349.
Package xcolor Info: Model `hsb' substituted by `rgb' on input line 1353.
Package xcolor Info: Model `RGB' extended on input line 1365.
Package xcolor Info: Model `HTML' substituted by `rgb' on input line 1367.
Package xcolor Info: Model `Hsb' substituted by `hsb' on input line 1368.
Package xcolor Info: Model `tHsb' substituted by `hsb' on input line 1369.
Package xcolor Info: Model `HSB' substituted by `hsb' on input line 1370.
Package xcolor Info: Model `Gray' substituted by `gray' on input line 1371.
Package xcolor Info: Model `wave' substituted by `hsb' on input line 1372.
) (C:\Users\m_vit\AppData\Local\Programs\MiKTeX\tex/latex/hyperref\hyperref.sty
Package: hyperref 2026-01-29 v7.01p Hypertext links for LaTeX
 (C:\Users\m_vit\AppData\Local\Programs\MiKTeX\tex/latex/kvsetkeys\kvsetkeys.sty
Package: kvsetkeys 2022-10-05 v1.19 Key value parser (HO)
) (C:\Users\m_vit\AppData\Local\Programs\MiKTeX\tex/generic/kvdefinekeys\kvdefinekeys.sty
Package: kvdefinekeys 2019-12-19 v1.6 Define keys (HO)
) (C:\Users\m_vit\AppData\Local\Programs\MiKTeX\tex/generic/pdfescape\pdfescape.sty
Package: pdfescape 2019/12/09 v1.15 Implements pdfTeX's escape features (HO)
 (C:\Users\m_vit\AppData\Local\Programs\MiKTeX\tex/generic/ltxcmds\ltxcmds.sty
Package: ltxcmds 2023-12-04 v1.26 LaTeX kernel commands for general use (HO)
) (C:\Users\m_vit\AppData\Local\Programs\MiKTeX\tex/generic/pdftexcmds\pdftexcmds.sty
Package: pdftexcmds 2020-06-27 v0.33 Utility functions of pdfTeX for LuaTeX (HO)
 (C:\Users\m_vit\AppData\Local\Programs\MiKTeX\tex/generic/infwarerr\infwarerr.sty
Package: infwarerr 2019/12/03 v1.5 Providing info/warning/error messages (HO)
)
Package pdftexcmds Info: \pdf@primitive is available.
Package pdftexcmds Info: \pdf@ifprimitive is available.
Package pdftexcmds Info: \pdfdraftmode found.
)) (C:\Users\m_vit\AppData\Local\Programs\MiKTeX\tex/latex/hycolor\hycolor.sty
Package: hycolor 2020-01-27 v1.10 Color options for hyperref/bookmark (HO)
) (C:\Users\m_vit\AppData\Local\Programs\MiKTeX\tex/latex/hyperref\nameref.sty
Package: nameref 2026-01-29 v2.58 Cross-referencing by name of section
 (C:\Users\m_vit\AppData\Local\Programs\MiKTeX\tex/latex/refcount\refcount.sty
Package: refcount 2019/12/15 v3.6 Data extraction from label references (HO)
) (C:\Users\m_vit\AppData\Local\Programs\MiKTeX\tex/generic/gettitlestring\gettitlestring.sty
Package: gettitlestring 2019/12/15 v1.6 Cleanup title references (HO)
 (C:\Users\m_vit\AppData\Local\Programs\MiKTeX\tex/latex/kvoptions\kvoptions.sty
Package: kvoptions 2022-06-15 v3.15 Key value format for package options (HO)
))
\c@section@level=\count315
) (C:\Users\m_vit\AppData\Local\Programs\MiKTeX\tex/latex/etoolbox\etoolbox.sty
Package: etoolbox 2025/10/02 v2.5m e-TeX tools for LaTeX (JAW)
\etb@tempcnta=\count316
) (C:\Users\m_vit\AppData\Local\Programs\MiKTeX\tex/generic/stringenc\stringenc.sty
Package: stringenc 2019/11/29 v1.12 Convert strings between diff. encodings (HO)
)
\@linkdim=\dimen195
\Hy@linkcounter=\count317
\Hy@pagecounter=\count318
 (C:\Users\m_vit\AppData\Local\Programs\MiKTeX\tex/latex/hyperref\pd1enc.def
File: pd1enc.def 2026-01-29 v7.01p Hyperref: PDFDocEncoding definition (HO)
Now handling font encoding PD1 ...
... no UTF-8 mapping file for font encoding PD1
) (C:\Users\m_vit\AppData\Local\Programs\MiKTeX\tex/generic/intcalc\intcalc.sty
Package: intcalc 2019/12/15 v1.3 Expandable calculations with integers (HO)
)
\Hy@SavedSpaceFactor=\count319
 (C:\Users\m_vit\AppData\Local\Programs\MiKTeX\tex/latex/hyperref\puenc.def
File: puenc.def 2026-01-29 v7.01p Hyperref: PDF Unicode definition (HO)
Now handling font encoding PU ...
... no UTF-8 mapping file for font encoding PU
)
Package hyperref Info: Hyper figures OFF on input line 4201.
Package hyperref Info: Link nesting OFF on input line 4206.
Package hyperref Info: Hyper index ON on input line 4209.
Package hyperref Info: Plain pages OFF on input line 4216.
Package hyperref Info: Backreferencing OFF on input line 4221.
Package hyperref Info: Implicit mode ON; LaTeX internals redefined.
Package hyperref Info: Bookmarks ON on input line 4468.
\c@Hy@tempcnt=\count320
 (C:\Users\m_vit\AppData\Local\Programs\MiKTeX\tex/latex/url\url.sty
\Urlmuskip=\muskip18
Package: url 2013/09/16  ver 3.4  Verb mode for urls, etc.
)
LaTeX Info: Redefining \url on input line 4807.
\XeTeXLinkMargin=\dimen196
 (C:\Users\m_vit\AppData\Local\Programs\MiKTeX\tex/generic/bitset\bitset.sty
Package: bitset 2019/12/09 v1.3 Handle bit-vector datatype (HO)
 (C:\Users\m_vit\AppData\Local\Programs\MiKTeX\tex/generic/bigintcalc\bigintcalc.sty
Package: bigintcalc 2019/12/15 v1.5 Expandable calculations on big integers (HO)
))
\Fld@menulength=\count321
\Field@Width=\dimen197
\Fld@charsize=\dimen198
Package hyperref Info: Hyper figures OFF on input line 6084.
Package hyperref Info: Link nesting OFF on input line 6089.
Package hyperref Info: Hyper index ON on input line 6092.
Package hyperref Info: backreferencing OFF on input line 6099.
Package hyperref Info: Link coloring OFF on input line 6104.
Package hyperref Info: Link coloring with OCG OFF on input line 6109.
Package hyperref Info: PDF/A mode OFF on input line 6114.
\Hy@abspage=\count322
\c@Item=\count323
\c@Hfootnote=\count324
)
Package hyperref Info: Driver (autodetected): hpdftex.
 (C:\Users\m_vit\AppData\Local\Programs\MiKTeX\tex/latex/hyperref\hpdftex.def
File: hpdftex.def 2026-01-29 v7.01p Hyperref driver for pdfTeX
\Fld@listcount=\count325
\c@bookmark@seq@number=\count326
 (C:\Users\m_vit\AppData\Local\Programs\MiKTeX\tex/latex/rerunfilecheck\rerunfilecheck.sty
Package: rerunfilecheck 2025-06-21 v1.11 Rerun checks for auxiliary files (HO)
 (C:\Users\m_vit\AppData\Local\Programs\MiKTeX\tex/generic/uniquecounter\uniquecounter.sty
Package: uniquecounter 2019/12/15 v1.4 Provide unlimited unique counter (HO)
)
Package uniquecounter Info: New unique counter `rerunfilecheck' on input line 284.
)
\Hy@SectionHShift=\skip61
) (C:\Users\m_vit\AppData\Local\Programs\MiKTeX\tex/latex/natbib\natbib.sty
Package: natbib 2010/09/13 8.31b (PWD, AO)
\bibhang=\skip62
\bibsep=\skip63
LaTeX Info: Redefining \cite on input line 694.
\c@NAT@ctr=\count327
)
Package hyperref Info: Option `colorlinks' set `true' on input line 57.
 (C:\Users\m_vit\AppData\Local\Programs\MiKTeX\tex/latex/l3backend\l3backend-pdftex.def
File: l3backend-pdftex.def 2025-10-09 L3 backend support: PDF output (pdfTeX)
\l__color_backend_stack_int=\count328
) (main.aux (chapters/chapter1_abstract.aux) (chapters/chapter1_intro.aux) (chapters/chapter2_litreview.aux) (chapters/chapter3_methodology.aux

LaTeX Warning: Label `subsec:realframe_mixing' multiply defined.


LaTeX Warning: Label `tab:run2_dataset' multiply defined.

) (chapters/chapter4_results.aux

LaTeX Warning: Label `sec:res_summary' multiply defined.

) (chapters/chapter5_discussion.aux) (chapters/chapter6_conclusion.aux))
\openout1 = `main.aux'.

LaTeX Font Info:    Checking defaults for OML/cmm/m/it on input line 59.
LaTeX Font Info:    ... okay on input line 59.
LaTeX Font Info:    Checking defaults for OMS/cmsy/m/n on input line 59.
LaTeX Font Info:    ... okay on input line 59.
LaTeX Font Info:    Checking defaults for OT1/cmr/m/n on input line 59.
LaTeX Font Info:    ... okay on input line 59.
LaTeX Font Info:    Checking defaults for T1/cmr/m/n on input line 59.
LaTeX Font Info:    ... okay on input line 59.
LaTeX Font Info:    Checking defaults for TS1/cmr/m/n on input line 59.
LaTeX Font Info:    ... okay on input line 59.
LaTeX Font Info:    Checking defaults for OMX/cmex/m/n on input line 59.
LaTeX Font Info:    ... okay on input line 59.
LaTeX Font Info:    Checking defaults for U/cmr/m/n on input line 59.
LaTeX Font Info:    ... okay on input line 59.
LaTeX Font Info:    Checking defaults for PD1/pdf/m/n on input line 59.
LaTeX Font Info:    ... okay on input line 59.
LaTeX Font Info:    Checking defaults for PU/pdf/m/n on input line 59.
LaTeX Font Info:    ... okay on input line 59.

*geometry* driver: auto-detecting
*geometry* detected driver: pdftex
*geometry* verbose mode - [ preamble ] result:
* driver: pdftex
* paper: a4paper
* layout: <same size as paper>
* layoutoffset:(h,v)=(0.0pt,0.0pt)
* modes: 
* h-part:(L,W,R)=(99.58464pt, 426.79135pt, 71.13188pt)
* v-part:(T,H,B)=(71.13188pt, 702.78308pt, 71.13188pt)
* \paperwidth=597.50787pt
* \paperheight=845.04684pt
* \textwidth=426.79135pt
* \textheight=702.78308pt
* \oddsidemargin=27.31465pt
* \evensidemargin=27.31465pt
* \topmargin=-38.1381pt
* \headheight=12.0pt
* \headsep=25.0pt
* \topskip=11.0pt
* \footskip=30.0pt
* \marginparwidth=50.0pt
* \marginparsep=10.0pt
* \columnsep=10.0pt
* \skip\footins=10.0pt plus 4.0pt minus 2.0pt
* \hoffset=0.0pt
* \voffset=0.0pt
* \mag=1000
* \@twocolumnfalse
* \@twosidefalse
* \@mparswitchfalse
* \@reversemarginfalse
* (1in=72.27pt=25.4mm, 1cm=28.453pt)

(C:\Users\m_vit\AppData\Local\Programs\MiKTeX\tex/context/base/mkii\supp-pdf.mkii
[Loading MPS to PDF converter (version 2006.09.02).]
\scratchcounter=\count329
\scratchdimen=\dimen199
\scratchbox=\box59
\nofMPsegments=\count330
\nofMParguments=\count331
\everyMPshowfont=\toks28
\MPscratchCnt=\count332
\MPscratchDim=\dimen256
\MPnumerator=\count333
\makeMPintoPDFobject=\count334
\everyMPtoPDFconversion=\toks29
) (C:\Users\m_vit\AppData\Local\Programs\MiKTeX\tex/latex/epstopdf-pkg\epstopdf-base.sty
Package: epstopdf-base 2020-01-24 v2.11 Base part for package epstopdf
 (C:\Users\m_vit\AppData\Local\Programs\MiKTeX\tex/latex/grfext\grfext.sty
Package: grfext 2019/12/03 v1.3 Manage graphics extensions (HO)
)
Package epstopdf-base Info: Redefining graphics rule for `.eps' on input line 485.
Package grfext Info: Graphics extension search list:
(grfext)             [.pdf,.png,.jpg,.mps,.jpeg,.jbig2,.jb2,.PDF,.PNG,.JPG,.JPEG,.JBIG2,.JB2,.eps]
(grfext)             \AppendGraphicsExtensions on input line 504.
 (C:\Users\m_vit\AppData\Local\Programs\MiKTeX\tex/latex/00miktex\epstopdf-sys.cfg
File: epstopdf-sys.cfg 2021/03/18 v2.0 Configuration of epstopdf for MiKTeX
))
Package caption Info: Begin \AtBeginDocument code.
Package caption Info: hyperref package is loaded.
Package caption Info: listings package is loaded.
Package caption Info: End \AtBeginDocument code.
\c@lstlisting=\count335
Package hyperref Info: Link coloring ON on input line 59.
 (main.out) (main.out)
\@outlinefile=\write3
\openout3 = `main.out'.

 (frontmatter/titlepage.tex [1

{C:/Users/m_vit/AppData/Local/MiKTeX/fonts/map/pdftex/pdftex.map}]) (frontmatter/declaration.tex) (main.toc
LaTeX Font Info:    Trying to load font information for U+msa on input line 2.
 (C:\Users\m_vit\AppData\Local\Programs\MiKTeX\tex/latex/amsfonts\umsa.fd
File: umsa.fd 2013/01/14 v3.01 AMS symbols A
)
LaTeX Font Info:    Trying to load font information for U+msb on input line 2.
 (C:\Users\m_vit\AppData\Local\Programs\MiKTeX\tex/latex/amsfonts\umsb.fd
File: umsb.fd 2013/01/14 v3.01 AMS symbols B
) [1

])
\tf@toc=\write4
\openout4 = `main.toc'.

 [2] (main.lof [3

])
\tf@lof=\write5
\openout5 = `main.lof'.

 [4] (main.lot
Overfull \hbox (7.50891pt too wide) in paragraph at lines 12--12
 [][] [][][]\T1/cmr/m/n/10.95 Grasp-feasibility com-par-i-son be-tween train-ing it-er-a-tions un-der iden-ti-cal mask- 
 []

)
\tf@lot=\write6
\openout6 = `main.lot'.

 [5

]
\openout2 = `chapters/chapter1_abstract.aux'.

 (chapters/chapter1_abstract.tex
Overfull \hbox (27.448pt too wide) in paragraph at lines 11--18
\T1/cmr/m/n/10.95 tent, un-like the constant-output mem-o-ris-ing base-line (mean er-ror 27.6 bins, $\OMS/cmsy/m/n/10.95 ^^Y$\T1/cmr/m/n/10.95 11native/composite
 []


pdfTeX warning (ext4): destination with the same identifier (name{page.1}) has been already used, duplicate ignored
<to be read again> 
                   \relax 
l.23 \end{abstract}
                    [1

])
\openout2 = `chapters/chapter1_intro.aux'.

 (chapters/chapter1_intro.tex
Chapter 1.

Overfull \hbox (1.56496pt too wide) in paragraph at lines 7--8
\T1/cmr/m/n/10.95 Automated waste sort-ing is a pre-req-ui-site for eco-nom-i-cally vi-able re-cy-cling at scale. Robotic
 []


pdfTeX warning (ext4): destination with the same identifier (name{page.1}) has been already used, duplicate ignored
<to be read again> 
                   \relax 
l.21     \item T
                o construct an automated data generation framework (ReSort-I... [1




] [2]) [3]
\openout2 = `chapters/chapter2_litreview.aux'.

 (chapters/chapter2_litreview.tex
Chapter 2.
[4




] [5] [6] [7]
Underfull \hbox (badness 2253) in paragraph at lines 79--79
[]|\T1/cmr/m/n/10.95 Lubongo et al.
 []


Underfull \hbox (badness 10000) in paragraph at lines 79--79
[]|\T1/cmr/m/n/10.95 NIR spec-
 []


Underfull \hbox (badness 10000) in paragraph at lines 81--81
[]|\T1/cmr/m/n/10.95 Koskinopoulou
 []


Underfull \hbox (badness 10000) in paragraph at lines 81--81
[]|\T1/cmr/m/n/10.95 Deep clas-si-cal
 []


Underfull \hbox (badness 10000) in paragraph at lines 82--83
[]|\T1/cmr/m/n/10.95 Transparent depth re-con-struc-tion
 []


Underfull \hbox (badness 1062) in paragraph at lines 83--83
[]|\T1/cmr/m/n/10.95 Zitkovich et al.
 []


Underfull \hbox (badness 10000) in paragraph at lines 83--83
[]|\T1/cmr/m/n/10.95 VLA (co-fine-
 []


Overfull \hbox (21.77359pt too wide) in paragraph at lines 75--88
 [][] 
 []

[8] [9]) [10]
\openout2 = `chapters/chapter3_methodology.aux'.

 (chapters/chapter3_methodology.tex
Chapter 3.
<images/vla_architecture_diagram.pdf, id=614, 845.07718pt x 597.19106pt>
File: images/vla_architecture_diagram.pdf Graphic file (type pdf)
<use images/vla_architecture_diagram.pdf>
Package pdftex.def Info: images/vla_architecture_diagram.pdf  used on input line 12.
(pdftex.def)             Requested size: 426.79135pt x 301.60188pt.
[11




] [12 <./images/vla_architecture_diagram.pdf>] [13] [14] [15]
Overfull \hbox (44.47803pt too wide) in paragraph at lines 185--186
[]\T1/cmtt/m/n/10.95 In: What action should the robot take to {instruction}\n Out: $\OMS/cmsy/m/n/10.95 h$\T1/cmtt/m/n/10.95 action_$\OML/cmm/m/it/10.95 x\OMS/cmsy/m/n/10.95 i$
 []


Overfull \hbox (16.02345pt too wide) in paragraph at lines 199--200
[]\T1/cmr/m/n/10.95 a \T1/cmr/bx/n/10.95 seg-men-ta-tion head \T1/cmr/m/n/10.95 pro-duc-ing 1-channel log-its for the transparent-versus-background
 []

[16] [17]
Overfull \hbox (2.35254pt too wide) in paragraph at lines 241--242
\T1/cmr/m/n/10.95 The ma-nip-u-la-tion pol-icy is OpenVLA-7B [[]], an open-source Vision-Language-Action model
 []

[18] [19]) [20] [21]
\openout2 = `chapters/chapter4_results.aux'.

 (chapters/chapter4_results.tex
Chapter 4.

LaTeX Warning: Reference `sec:res_latency' on page 22 undefined on input line 4.


Overfull \hbox (53.23586pt too wide) in paragraph at lines 15--24
 [][] 
 []

<images/perception_evaluation_full.pdf, id=766, 1148.69925pt x 353.87505pt>
File: images/perception_evaluation_full.pdf Graphic file (type pdf)
<use images/perception_evaluation_full.pdf>
Package pdftex.def Info: images/perception_evaluation_full.pdf  used on input line 28.
(pdftex.def)             Requested size: 426.79135pt x 131.47708pt.
[22




]
<images/ablation_depth_reconstruction.pdf, id=778, 947.63098pt x 904.95053pt>
File: images/ablation_depth_reconstruction.pdf Graphic file (type pdf)
<use images/ablation_depth_reconstruction.pdf>
Package pdftex.def Info: images/ablation_depth_reconstruction.pdf  used on input line 60.
(pdftex.def)             Requested size: 426.79135pt x 407.5692pt.
<images/ablation_statistics.pdf, id=779, 642.93024pt x 354.128pt>
File: images/ablation_statistics.pdf Graphic file (type pdf)
<use images/ablation_statistics.pdf>
Package pdftex.def Info: images/ablation_statistics.pdf  used on input line 67.
(pdftex.def)             Requested size: 341.43437pt x 188.06519pt.
 [23 <./images/perception_evaluation_full.pdf>] [24 <./images/ablation_depth_reconstruction.pdf>]

LaTeX Warning: Reference `sec:res_latency' on page 25 undefined on input line 82.

[25 <./images/ablation_statistics.pdf>]
<images/lambda_sensitivity.pdf, id=1087, 570.66025pt x 354.68777pt>
File: images/lambda_sensitivity.pdf Graphic file (type pdf)
<use images/lambda_sensitivity.pdf>
Package pdftex.def Info: images/lambda_sensitivity.pdf  used on input line 113.
(pdftex.def)             Requested size: 298.75264pt x 185.68349pt.
 [26 <./images/lambda_sensitivity.pdf>]
Overfull \hbox (43.86932pt too wide) in paragraph at lines 150--163
 [][] 
 []

[27]
<images/vla_checkpoint_curves2.pdf, id=1167, 857.94753pt x 317.78192pt>
File: images/vla_checkpoint_curves2.pdf Graphic file (type pdf)
<use images/vla_checkpoint_curves2.pdf>
Package pdftex.def Info: images/vla_checkpoint_curves2.pdf  used on input line 175.
(pdftex.def)             Requested size: 426.79135pt x 158.0808pt.
 [28 <./images/vla_checkpoint_curves2.pdf>] [29]
<images/grasp_success_gallery_run2.pdf, id=1250, 1718.2193pt x 297.02687pt>
File: images/grasp_success_gallery_run2.pdf Graphic file (type pdf)
<use images/grasp_success_gallery_run2.pdf>
Package pdftex.def Info: images/grasp_success_gallery_run2.pdf  used on input line 322.
(pdftex.def)             Requested size: 426.79135pt x 73.77611pt.
 [30 <./images/grasp_success_gallery_run2.pdf>]
<images/pipeline_gallery.pdf, id=1290, 1004.553pt x 859.12288pt>
File: images/pipeline_gallery.pdf Graphic file (type pdf)
<use images/pipeline_gallery.pdf>
Package pdftex.def Info: images/pipeline_gallery.pdf  used on input line 370.
(pdftex.def)             Requested size: 426.79135pt x 365.01096pt.
 [31 <./images/pipeline_gallery.pdf>]
<images/semantic_evaluation_graphs.pdf, id=1361, 1126.759pt x 352.15755pt>
File: images/semantic_evaluation_graphs.pdf Graphic file (type pdf)
<use images/semantic_evaluation_graphs.pdf>
Package pdftex.def Info: images/semantic_evaluation_graphs.pdf  used on input line 383.
(pdftex.def)             Requested size: 426.79135pt x 133.386pt.


LaTeX Warning: Reference `subsec:res_run2' on page 32 undefined on input line 405.

) [32 <./images/semantic_evaluation_graphs.pdf>] [33]
\openout2 = `chapters/chapter5_discussion.aux'.

 (chapters/chapter5_discussion.tex
Chapter 5.
[34




] [35])
Overfull \hbox (1.281pt too wide) in paragraph at lines 85--79
\T1/cmr/m/n/10.95 Taken to-gether, the re-sults char-ac-terise both the promise and the present lim-its of synthetic-
 []

[36] [37]
\openout2 = `chapters/chapter6_conclusion.aux'.

 (chapters/chapter6_conclusion.tex
Chapter 6.

Overfull \hbox (3.16446pt too wide) in paragraph at lines 25--26
[]\T1/cmr/bx/n/10.95 RQ2 (transparent-object per-cep-tion). \T1/cmr/m/n/10.95 An RGB-only net-work re-cov-ers transparent-
 []

[38




] [39]) [40] (main.bbl [41



]
Underfull \hbox (badness 1038) in paragraph at lines 103--108
[]\T1/cmr/m/n/10.95 Wentao Yuan, Ji-afei Duan, Valts Blukis, Wilbert Pumacay, Ran-jay Kr-ishna,
 []

[42]) [43] (main.aux (chapters/chapter1_abstract.aux) (chapters/chapter1_intro.aux) (chapters/chapter2_litreview.aux) (chapters/chapter3_methodology.aux) (chapters/chapter4_results.aux) (chapters/chapter5_discussion.aux) (chapters/chapter6_conclusion.aux))
 ***********
LaTeX2e <2025-11-01>
L3 programming layer <2026-01-19>
 ***********


LaTeX Warning: There were undefined references.


LaTeX Warning: There were multiply-defined labels.

Package rerunfilecheck Info: File `main.out' has not changed.
(rerunfilecheck)             Checksum: C7EF8AD663220CB1AA1B4B5E7769BFB8;12906.
 ) 
Here is how much of TeX's memory you used:
 15048 strings out of 467867
 240632 string characters out of 5418335
 665077 words of memory out of 5000000
 43488 multiletter control sequences out of 15000+600000
 647110 words of font info for 84 fonts, out of 8000000 for 9000
 1141 hyphenation exceptions out of 8191
 75i,11n,79p,1474b,592s stack positions out of 10000i,1000n,20000p,200000b,200000s
 <C:\Users\m_vit\AppData\Local\MiKTeX\fonts/pk/ljfour/jknappen/ec/dpi600\ecxc1095.pk> <C:\Users\m_vit\AppData\Local\MiKTeX\fonts/pk/ljfour/jknappen/ec/dpi600\tcrm1095.pk> <C:\Users\m_vit\AppData\Local\MiKTeX\fonts/pk/ljfour/jknappen/ec/dpi600\ectt1095.pk> <C:\Users\m_vit\AppData\Local\MiKTeX\fonts/pk/ljfour/jknappen/ec/dpi600\ecbx1200.pk> <C:\Users\m_vit\AppData\Local\MiKTeX\fonts/pk/ljfour/jknappen/ec/dpi600\ecti1095.pk> <C:\Users\m_vit\AppData\Local\MiKTeX\fonts/pk/ljfour/jknappen/ec/dpi600\ecbx1440.pk> <C:\Users\m_vit\AppData\Local\MiKTeX\fonts/pk/ljfour/jknappen/ec/dpi600\ecbx2074.pk> <C:\Users\m_vit\AppData\Local\MiKTeX\fonts/pk/ljfour/jknappen/ec/dpi600\eccc1095.pk> <C:\Users\m_vit\AppData\Local\MiKTeX\fonts/pk/ljfour/jknappen/ec/dpi600\ecrm1095.pk> <C:\Users\m_vit\AppData\Local\MiKTeX\fonts/pk/ljfour/jknappen/ec/dpi600\ecbx1095.pk> <C:\Users\m_vit\AppData\Local\MiKTeX\fonts/pk/ljfour/jknappen/ec/dpi600\ecrm1200.pk> <C:\Users\m_vit\AppData\Local\MiKTeX\fonts/pk/ljfour/jknappen/ec/dpi600\ecrm1440.pk> <C:\Users\m_vit\AppData\Local\MiKTeX\fonts/pk/ljfour/jknappen/ec/dpi600\ecbx2488.pk><C:/Users/m_vit/AppData/Local/Programs/MiKTeX/fonts/type1/public/amsfonts/cm/cmbx10.pfb><C:/Users/m_vit/AppData/Local/Programs/MiKTeX/fonts/type1/public/amsfonts/cm/cmex10.pfb><C:/Users/m_vit/AppData/Local/Programs/MiKTeX/fonts/type1/public/amsfonts/cm/cmmi10.pfb><C:/Users/m_vit/AppData/Local/Programs/MiKTeX/fonts/type1/public/amsfonts/cm/cmmi6.pfb><C:/Users/m_vit/AppData/Local/Programs/MiKTeX/fonts/type1/public/amsfonts/cm/cmmi8.pfb><C:/Users/m_vit/AppData/Local/Programs/MiKTeX/fonts/type1/public/amsfonts/cm/cmr10.pfb><C:/Users/m_vit/AppData/Local/Programs/MiKTeX/fonts/type1/public/amsfonts/cm/cmr8.pfb><C:/Users/m_vit/AppData/Local/Programs/MiKTeX/fonts/type1/public/amsfonts/cm/cmsy10.pfb><C:/Users/m_vit/AppData/Local/Programs/MiKTeX/fonts/type1/public/amsfonts/cm/cmsy8.pfb><C:/Users/m_vit/AppData/Local/Programs/MiKTeX/fonts/type1/public/amsfonts/symbols/msbm10.pfb>
Output written on main.pdf (50 pages, 8451082 bytes).
PDF statistics:
 2174 PDF objects out of 2487 (max. 8388607)
 186 named destinations out of 1000 (max. 500000)
 590 words of extra memory for PDF output out of 10000 (max. 10000000)

